// Jest Snapshot v1, https://goo.gl/fbAQLP

exports[`<Card /> renders three <Foo /> components 1`] = `ShallowWrapper {}`;
