// Jest Snapshot v1, https://goo.gl/fbAQLP

exports[`Markdown renders markdown content 1`] = `
<DocumentFragment>
  .c0 {
  margin-top: 1rem;
  background-color: #222222;
  line-height: 1.8rem;
  color: #f7f7f7;
}

.c0 > * {
  padding: 0 1rem;
}

.c0 img,
.c0 code {
  padding: 0;
}

.c0 li {
  margin: 0 1rem;
}

.c0 p {
  font-size: 16px;
}

.c0 h1 {
  color: #feb8ce;
}

.c0 code {
  color: #feb8ce;
}

.c0 a {
  color: #f7f7f7;
  -webkit-text-decoration: underline;
  text-decoration: underline;
  cursor: pointer;
}

.c0 img {
  max-width: 100%;
  max-height: 100%;
  display: block;
  margin: 0.5rem auto;
}

.c0 blockquote {
  background: #3b3b3b;
  border-left: 4px solid #f7f7f7;
  margin: 1.5rem 2rem;
  padding: 0.5em 10px;
}

.c0 blockquote > p {
  display: inline;
  color: #F1F1F1;
  font-style: italic;
}

.c0 blockquote:before {
  color: #ccc;
  content: open-quote;
  font-size: 2em;
  line-height: 0.1em;
  margin-right: 0.25em;
  vertical-align: -0.4em;
}

<div
    class="c0"
  >
    <p>
      Fin oui eut sillons oui fausser encourt station souffle.Fin oui eut sillons oui fausser encourt station souffle.Fin oui eut sillons oui fausser encourt station souffle.Fin oui eut sillons oui fausser encourt station souffle.Fin oui eut sillons oui fausser encourt station souffle.Fin oui eut sillons oui fausser encourt station souffle.Fin oui eut sillons oui fausser encourt station souffle
    </p>
  </div>
</DocumentFragment>
`;
