// Jest Snapshot v1, https://goo.gl/fbAQLP

exports[`About - resume renders resume component 1`] = `
<DocumentFragment>
  .c0 {
  margin-top: 0.5rem;
  width: 93%;
  color: #121212;
  padding: 1rem;
  display: -webkit-box;
  display: -webkit-flex;
  display: -ms-flexbox;
  display: flex;
}

.c1 {
  -webkit-flex: 1;
  -ms-flex: 1;
  flex: 1;
  margin-right: 1rem;
}

.c1:nth-child(2) {
  margin-left: 1rem;
  margin-right: 0;
}

.c2 {
  display: -webkit-box;
  display: -webkit-flex;
  display: -ms-flexbox;
  display: flex;
  -webkit-box-pack: justify;
  -webkit-justify-content: space-between;
  -ms-flex-pack: justify;
  justify-content: space-between;
  -webkit-align-items: center;
  -webkit-box-align: center;
  -ms-flex-align: center;
  align-items: center;
  background-color: #222222;
  color: #F1F1F1;
  padding: 1rem;
}

.c2:hover {
  cursor: pointer;
}

.c3 {
  display: inline;
  margin: 0;
  font-weight: 500;
}

@media screen and (max-width:1000px) {
  .c0 {
    -webkit-flex-direction: column;
    -ms-flex-direction: column;
    flex-direction: column;
  }
}

@media screen and (max-width:1000px) {
  .c1:nth-child(2) {
    margin: 2rem 0 0 0;
  }
}

@media screen and (max-width:1000px) {
  .c1 {
    margin: 0;
  }
}

<div
    class="c0"
  >
    <div
      class="c1"
    >
      <div
        class="c2"
      >
        <p
          class="c3"
        >
          education - work
        </p>
        <svg
          fill="currentColor"
          height="1em"
          stroke="currentColor"
          stroke-width="0"
          viewBox="0 0 320 512"
          width="1em"
          xmlns="http://www.w3.org/2000/svg"
        >
          <path
            d="M143 352.3L7 216.3c-9.4-9.4-9.4-24.6 0-33.9l22.6-22.6c9.4-9.4 24.6-9.4 33.9 0l96.4 96.4 96.4-96.4c9.4-9.4 24.6-9.4 33.9 0l22.6 22.6c9.4 9.4 9.4 24.6 0 33.9l-136 136c-9.2 9.4-24.4 9.4-33.8 0z"
          />
        </svg>
      </div>
      <div
        class=""
        style="height: 0px; overflow: hidden; display: none; transition: height .25s ease;"
      />
    </div>
    <div
      class="c1"
    >
      <div
        class="c2"
      >
        <p
          class="c3"
        >
          tools - technology
        </p>
        <svg
          fill="currentColor"
          height="1em"
          stroke="currentColor"
          stroke-width="0"
          viewBox="0 0 320 512"
          width="1em"
          xmlns="http://www.w3.org/2000/svg"
        >
          <path
            d="M143 352.3L7 216.3c-9.4-9.4-9.4-24.6 0-33.9l22.6-22.6c9.4-9.4 24.6-9.4 33.9 0l96.4 96.4 96.4-96.4c9.4-9.4 24.6-9.4 33.9 0l22.6 22.6c9.4 9.4 9.4 24.6 0 33.9l-136 136c-9.2 9.4-24.4 9.4-33.8 0z"
          />
        </svg>
      </div>
      <div
        class=""
        style="height: 0px; overflow: hidden; display: none; transition: height .25s ease;"
      />
    </div>
  </div>
</DocumentFragment>
`;
