// Jest Snapshot v1, https://goo.gl/fbAQLP

exports[`Test - JSX renders test JSX component 1`] = `
<div>
  Test
</div>
`;
